// Jest Snapshot v1, https://goo.gl/fbAQLP

exports[`<Button /> runs snapshots nicely in the library 1`] = `
.css-0,
[data-css-0] {
  font-size: 10px;
}

<div
  data-css-0=""
>
  <button
    onClick={[Function]}
  >
    My button
  </button>
</div>
`;
